// Jest Snapshot v1, https://goo.gl/fbAQLP

exports[`counter snapshot should match DOM snapshot 1`] = `
<div>
  <h2>
    Count
  </h2>
  <p
    data-testid="counter"
  >
    Count:
    1
  </p>
  <button
    data-testid="increment"
    onClick={[Function]}
  >
    Increment
  </button>
  <button
    data-testid="decrement"
    onClick={[Function]}
  >
    Decrement
  </button>
</div>
`;
